nginx-hpa   Deployment/nginx   0%/100%   1         50        50         26m
nginx-hpa   Deployment/nginx   2%/100%   1         50        50         27m
nginx-hpa   Deployment/nginx   31%/100%   1         50        50         27m
nginx-hpa   Deployment/nginx   42%/100%   1         50        50         27m
nginx-hpa   Deployment/nginx   42%/100%   1         50        50         28m
nginx-hpa   Deployment/nginx   42%/100%   1         50        50         29m
nginx-hpa   Deployment/nginx   43%/100%   1         50        50         29m
nginx-hpa   Deployment/nginx   42%/100%   1         50        50         29m
nginx-hpa   Deployment/nginx   39%/100%   1         50        33         30m
nginx-hpa   Deployment/nginx   38%/100%   1         50        22         30m
nginx-hpa   Deployment/nginx   41%/100%   1         50        17         30m
nginx-hpa   Deployment/nginx   55%/100%   1         50        17         31m
nginx-hpa   Deployment/nginx   62%/100%   1         50        17         31m
nginx-hpa   Deployment/nginx   59%/100%   1         50        17         31m
nginx-hpa   Deployment/nginx   49%/100%   1         50        17         31m
nginx-hpa   Deployment/nginx   35%/100%   1         50        17         32m
nginx-hpa   Deployment/nginx   45%/100%   1         50        17         32m
nginx-hpa   Deployment/nginx   42%/100%   1         50        17         32m
nginx-hpa   Deployment/nginx   43%/100%   1         50        17         32m
nginx-hpa   Deployment/nginx   44%/100%   1         50        17         33m
nginx-hpa   Deployment/nginx   45%/100%   1         50        17         33m
nginx-hpa   Deployment/nginx   45%/100%   1         50        17         33m
nginx-hpa   Deployment/nginx   45%/100%   1         50        17         33m
nginx-hpa   Deployment/nginx   45%/100%   1         50        17         34m
nginx-hpa   Deployment/nginx   45%/100%   1         50        17         34m
nginx-hpa   Deployment/nginx   45%/100%   1         50        17         34m
nginx-hpa   Deployment/nginx   45%/100%   1         50        17         34m
nginx-hpa   Deployment/nginx   42%/100%   1         50        16         35m
nginx-hpa   Deployment/nginx   43%/100%   1         50        11         35m
nginx-hpa   Deployment/nginx   47%/100%   1         50        10         35m
nginx-hpa   Deployment/nginx   51%/100%   1         50        10         35m
nginx-hpa   Deployment/nginx   55%/100%   1         50        10         36m
nginx-hpa   Deployment/nginx   55%/100%   1         50        10         36m
nginx-hpa   Deployment/nginx   55%/100%   1         50        10         36m
nginx-hpa   Deployment/nginx   56%/100%   1         50        7          36m
nginx-hpa   Deployment/nginx   61%/100%   1         50        6          37m
nginx-hpa   Deployment/nginx   81%/100%   1         50        6          37m
nginx-hpa   Deployment/nginx   94%/100%   1         50        6          37m
nginx-hpa   Deployment/nginx   94%/100%   1         50        6          38m
nginx-hpa   Deployment/nginx   93%/100%   1         50        6          38m
nginx-hpa   Deployment/nginx   93%/100%   1         50        6          38m
nginx-hpa   Deployment/nginx   93%/100%   1         50        6          39m
nginx-hpa   Deployment/nginx   94%/100%   1         50        6          39m
nginx-hpa   Deployment/nginx   92%/100%   1         50        6          39m
nginx-hpa   Deployment/nginx   93%/100%   1         50        6          39m
nginx-hpa   Deployment/nginx   92%/100%   1         50        6          40m
nginx-hpa   Deployment/nginx   95%/100%   1         50        6          40m
nginx-hpa   Deployment/nginx   92%/100%   1         50        6          40m
nginx-hpa   Deployment/nginx   93%/100%   1         50        6          40m
nginx-hpa   Deployment/nginx   93%/100%   1         50        6          41m
nginx-hpa   Deployment/nginx   93%/100%   1         50        6          41m
nginx-hpa   Deployment/nginx   94%/100%   1         50        6          42m
nginx-hpa   Deployment/nginx   92%/100%   1         50        6          42m
nginx-hpa   Deployment/nginx   92%/100%   1         50        6          42m
nginx-hpa   Deployment/nginx   92%/100%   1         50        6          42m
nginx-hpa   Deployment/nginx   92%/100%   1         50        6          43m
nginx-hpa   Deployment/nginx   91%/100%   1         50        6          43m
nginx-hpa   Deployment/nginx   92%/100%   1         50        6          44m
nginx-hpa   Deployment/nginx   90%/100%   1         50        6          44m
nginx-hpa   Deployment/nginx   91%/100%   1         50        6          44m
nginx-hpa   Deployment/nginx   90%/100%   1         50        6          44m
nginx-hpa   Deployment/nginx   92%/100%   1         50        6          45m
nginx-hpa   Deployment/nginx   93%/100%   1         50        6          45m
nginx-hpa   Deployment/nginx   91%/100%   1         50        6          45m
nginx-hpa   Deployment/nginx   91%/100%   1         50        6          45m
nginx-hpa   Deployment/nginx   93%/100%   1         50        6          46m
nginx-hpa   Deployment/nginx   92%/100%   1         50        6          46m
nginx-hpa   Deployment/nginx   92%/100%   1         50        6          46m
nginx-hpa   Deployment/nginx   91%/100%   1         50        6          47m
nginx-hpa   Deployment/nginx   92%/100%   1         50        6          47m
nginx-hpa   Deployment/nginx   91%/100%   1         50        6          47m
nginx-hpa   Deployment/nginx   92%/100%   1         50        6          48m
nginx-hpa   Deployment/nginx   91%/100%   1         50        6          48m
nginx-hpa   Deployment/nginx   91%/100%   1         50        6          48m
nginx-hpa   Deployment/nginx   91%/100%   1         50        6          48m
nginx-hpa   Deployment/nginx   91%/100%   1         50        6          49m
nginx-hpa   Deployment/nginx   90%/100%   1         50        6          49m
nginx-hpa   Deployment/nginx   91%/100%   1         50        6          49m
nginx-hpa   Deployment/nginx   90%/100%   1         50        6          49m
nginx-hpa   Deployment/nginx   92%/100%   1         50        6          50m
nginx-hpa   Deployment/nginx   92%/100%   1         50        6          50m
nginx-hpa   Deployment/nginx   91%/100%   1         50        6          50m
nginx-hpa   Deployment/nginx   92%/100%   1         50        6          51m
nginx-hpa   Deployment/nginx   91%/100%   1         50        6          51m
nginx-hpa   Deployment/nginx   91%/100%   1         50        6          51m
nginx-hpa   Deployment/nginx   90%/100%   1         50        6          52m
nginx-hpa   Deployment/nginx   90%/100%   1         50        6          52m
nginx-hpa   Deployment/nginx   90%/100%   1         50        6          53m
nginx-hpa   Deployment/nginx   88%/100%   1         50        6          53m
nginx-hpa   Deployment/nginx   89%/100%   1         50        6          53m
nginx-hpa   Deployment/nginx   92%/100%   1         50        6          54m
nginx-hpa   Deployment/nginx   91%/100%   1         50        6          54m
nginx-hpa   Deployment/nginx   91%/100%   1         50        6          54m
nginx-hpa   Deployment/nginx   91%/100%   1         50        6          54m
nginx-hpa   Deployment/nginx   90%/100%   1         50        6          55m
nginx-hpa   Deployment/nginx   91%/100%   1         50        6          55m
nginx-hpa   Deployment/nginx   91%/100%   1         50        6          56m
nginx-hpa   Deployment/nginx   90%/100%   1         50        6          56m
nginx-hpa   Deployment/nginx   90%/100%   1         50        6          56m
nginx-hpa   Deployment/nginx   91%/100%   1         50        6          56m
nginx-hpa   Deployment/nginx   90%/100%   1         50        6          57m
nginx-hpa   Deployment/nginx   89%/100%   1         50        6          57m
nginx-hpa   Deployment/nginx   89%/100%   1         50        6          58m
nginx-hpa   Deployment/nginx   89%/100%   1         50        6          58m
nginx-hpa   Deployment/nginx   89%/100%   1         50        6          58m
nginx-hpa   Deployment/nginx   90%/100%   1         50        6          58m
nginx-hpa   Deployment/nginx   90%/100%   1         50        6          59m
nginx-hpa   Deployment/nginx   89%/100%   1         50        6          59m
nginx-hpa   Deployment/nginx   89%/100%   1         50        6          59m
nginx-hpa   Deployment/nginx   89%/100%   1         50        6          59m
nginx-hpa   Deployment/nginx   89%/100%   1         50        6          60m
nginx-hpa   Deployment/nginx   88%/100%   1         50        6          60m
nginx-hpa   Deployment/nginx   88%/100%   1         50        6          60m
nginx-hpa   Deployment/nginx   90%/100%   1         50        6          60m
nginx-hpa   Deployment/nginx   90%/100%   1         50        6          61m
nginx-hpa   Deployment/nginx   89%/100%   1         50        6          61m
nginx-hpa   Deployment/nginx   90%/100%   1         50        6          61m
nginx-hpa   Deployment/nginx   88%/100%   1         50        6          61m
nginx-hpa   Deployment/nginx   90%/100%   1         50        6          62m
nginx-hpa   Deployment/nginx   88%/100%   1         50        6          62m
nginx-hpa   Deployment/nginx   90%/100%   1         50        6          62m
nginx-hpa   Deployment/nginx   89%/100%   1         50        6          62m
nginx-hpa   Deployment/nginx   90%/100%   1         50        6          63m
nginx-hpa   Deployment/nginx   89%/100%   1         50        6          63m
nginx-hpa   Deployment/nginx   89%/100%   1         50        6          63m
nginx-hpa   Deployment/nginx   88%/100%   1         50        6          63m
nginx-hpa   Deployment/nginx   89%/100%   1         50        6          64m
nginx-hpa   Deployment/nginx   89%/100%   1         50        6          64m
nginx-hpa   Deployment/nginx   89%/100%   1         50        6          64m
nginx-hpa   Deployment/nginx   90%/100%   1         50        6          65m
nginx-hpa   Deployment/nginx   87%/100%   1         50        6          65m
nginx-hpa   Deployment/nginx   89%/100%   1         50        6          65m
nginx-hpa   Deployment/nginx   89%/100%   1         50        6          65m
nginx-hpa   Deployment/nginx   89%/100%   1         50        6          66m
nginx-hpa   Deployment/nginx   91%/100%   1         50        6          66m
nginx-hpa   Deployment/nginx   90%/100%   1         50        6          66m
nginx-hpa   Deployment/nginx   90%/100%   1         50        6          67m
nginx-hpa   Deployment/nginx   91%/100%   1         50        6          67m
nginx-hpa   Deployment/nginx   89%/100%   1         50        6          67m
nginx-hpa   Deployment/nginx   90%/100%   1         50        6          67m
nginx-hpa   Deployment/nginx   89%/100%   1         50        6          68m
nginx-hpa   Deployment/nginx   88%/100%   1         50        6          68m
nginx-hpa   Deployment/nginx   89%/100%   1         50        6          68m
nginx-hpa   Deployment/nginx   89%/100%   1         50        6          68m
nginx-hpa   Deployment/nginx   89%/100%   1         50        6          69m
nginx-hpa   Deployment/nginx   89%/100%   1         50        6          69m
nginx-hpa   Deployment/nginx   88%/100%   1         50        6          69m
nginx-hpa   Deployment/nginx   87%/100%   1         50        6          69m
nginx-hpa   Deployment/nginx   89%/100%   1         50        6          70m
nginx-hpa   Deployment/nginx   91%/100%   1         50        6          70m
nginx-hpa   Deployment/nginx   92%/100%   1         50        6          70m
nginx-hpa   Deployment/nginx   93%/100%   1         50        6          70m
nginx-hpa   Deployment/nginx   92%/100%   1         50        6          71m
nginx-hpa   Deployment/nginx   92%/100%   1         50        6          71m
nginx-hpa   Deployment/nginx   93%/100%   1         50        6          71m
nginx-hpa   Deployment/nginx   92%/100%   1         50        6          71m
nginx-hpa   Deployment/nginx   90%/100%   1         50        6          72m
nginx-hpa   Deployment/nginx   91%/100%   1         50        6          72m
nginx-hpa   Deployment/nginx   91%/100%   1         50        6          72m
nginx-hpa   Deployment/nginx   90%/100%   1         50        6          73m
nginx-hpa   Deployment/nginx   91%/100%   1         50        6          73m
nginx-hpa   Deployment/nginx   91%/100%   1         50        6          73m
nginx-hpa   Deployment/nginx   90%/100%   1         50        6          73m
nginx-hpa   Deployment/nginx   91%/100%   1         50        6          74m
nginx-hpa   Deployment/nginx   89%/100%   1         50        6          74m
nginx-hpa   Deployment/nginx   90%/100%   1         50        6          74m
nginx-hpa   Deployment/nginx   89%/100%   1         50        6          75m
nginx-hpa   Deployment/nginx   90%/100%   1         50        6          75m
nginx-hpa   Deployment/nginx   89%/100%   1         50        6          75m
nginx-hpa   Deployment/nginx   88%/100%   1         50        6          76m
nginx-hpa   Deployment/nginx   88%/100%   1         50        6          76m
nginx-hpa   Deployment/nginx   89%/100%   1         50        6          76m
nginx-hpa   Deployment/nginx   89%/100%   1         50        6          77m
nginx-hpa   Deployment/nginx   90%/100%   1         50        6          77m
nginx-hpa   Deployment/nginx   89%/100%   1         50        6          77m
